[0m17:47:01.590367 [debug] [MainThread]: Sending event: {'category': 'dbt', 'action': 'invocation', 'label': 'start', 'context': [<snowplow_tracker.self_describing_json.SelfDescribingJson object at 0x0000014116A84440>, <snowplow_tracker.self_describing_json.SelfDescribingJson object at 0x0000014116A84410>, <snowplow_tracker.self_describing_json.SelfDescribingJson object at 0x0000014116A1A870>]}


============================== 17:47:01.662367 | 8f4a3878-05b5-46a0-8161-4b080512f0c2 ==============================
[0m17:47:01.662367 [info ] [MainThread]: Running with dbt=1.11.11
[0m17:47:01.663367 [debug] [MainThread]: running dbt with arguments {'version_check': 'True', 'no_print': 'None', 'static_parser': 'True', 'target_path': 'None', 'warn_error_options': 'WarnErrorOptionsV2(error=[], warn=[], silence=[])', 'printer_width': '80', 'write_json': 'True', 'introspect': 'True', 'log_cache_events': 'False', 'empty': 'None', 'cache_selected_only': 'False', 'log_format': 'default', 'debug': 'False', 'fail_fast': 'False', 'partial_parse': 'True', 'send_anonymous_usage_stats': 'True', 'quiet': 'False', 'warn_error': 'None', 'profiles_dir': 'C:\\Users\\Sander\\.dbt', 'use_colors': 'True', 'invocation_command': 'dbt init prose_fingerprint --skip-profile-setup', 'indirect_selection': 'eager', 'use_experimental_parser': 'False', 'log_path': 'logs'}
[0m17:47:01.748366 [info ] [MainThread]: Creating dbt configuration folder at C:\Users\Sander\.dbt
[0m17:47:01.750369 [debug] [MainThread]: Starter project path: C:\Users\Sander\OneDrive\Documents\Github\Fiction-Fingerprint\.venv\Lib\site-packages\dbt\include\starter_project
[0m17:47:01.765366 [info ] [MainThread]: 
Your new dbt project "prose_fingerprint" was created!

For more information on how to configure the profiles.yml file,
please consult the dbt documentation here:

  https://docs.getdbt.com/docs/configure-your-profile

One more thing:

Need help? Don't hesitate to reach out to us via GitHub issues or on Slack:

  https://community.getdbt.com/

Happy modeling!

[0m17:47:01.766367 [debug] [MainThread]: Command `dbt init` succeeded at 17:47:01.766367 after 0.28 seconds
[0m17:47:01.766367 [debug] [MainThread]: Sending event: {'category': 'dbt', 'action': 'invocation', 'label': 'end', 'context': [<snowplow_tracker.self_describing_json.SelfDescribingJson object at 0x00000141166A7320>, <snowplow_tracker.self_describing_json.SelfDescribingJson object at 0x000001411641E1B0>, <snowplow_tracker.self_describing_json.SelfDescribingJson object at 0x0000014114511A00>]}
[0m17:47:01.766367 [debug] [MainThread]: Flushing usage events
[0m17:47:02.119369 [debug] [MainThread]: An error was encountered while trying to flush usage events
[0m17:27:41.128098 [debug] [MainThread]: Sending event: {'category': 'dbt', 'action': 'invocation', 'label': 'start', 'context': [<snowplow_tracker.self_describing_json.SelfDescribingJson object at 0x0000020462C99AC0>, <snowplow_tracker.self_describing_json.SelfDescribingJson object at 0x000002045FA8C440>, <snowplow_tracker.self_describing_json.SelfDescribingJson object at 0x00000204601C94F0>]}


============================== 17:27:41.131508 | ada3ae4d-b881-4ddc-8965-334e08c01f02 ==============================
[0m17:27:41.131508 [info ] [MainThread]: Running with dbt=1.11.11
[0m17:27:41.131508 [debug] [MainThread]: running dbt with arguments {'static_parser': 'True', 'no_print': 'None', 'version_check': 'True', 'target_path': 'None', 'warn_error_options': 'WarnErrorOptionsV2(error=[], warn=[], silence=[])', 'printer_width': '80', 'write_json': 'True', 'introspect': 'True', 'log_cache_events': 'False', 'empty': 'None', 'cache_selected_only': 'False', 'log_format': 'default', 'debug': 'False', 'fail_fast': 'False', 'partial_parse': 'True', 'send_anonymous_usage_stats': 'True', 'quiet': 'False', 'warn_error': 'None', 'profiles_dir': 'C:\\Users\\Sander\\.dbt', 'indirect_selection': 'eager', 'invocation_command': 'dbt docs generate', 'use_colors': 'True', 'use_experimental_parser': 'False', 'log_path': 'logs'}
[0m17:27:41.132507 [error] [MainThread]: Encountered an error:
Runtime Error
  No dbt_project.yml found at expected path C:\Users\Sander\OneDrive\Documents\Github\Fiction-Fingerprint\dbt_project.yml
  Verify that each entry within packages.yml (and their transitive dependencies) contains a file named dbt_project.yml
  
[0m17:27:41.132507 [debug] [MainThread]: Command `dbt docs generate` failed at 17:27:41.132507 after 0.10 seconds
[0m17:27:41.133507 [debug] [MainThread]: Sending event: {'category': 'dbt', 'action': 'invocation', 'label': 'end', 'context': [<snowplow_tracker.self_describing_json.SelfDescribingJson object at 0x00000204621D65A0>, <snowplow_tracker.self_describing_json.SelfDescribingJson object at 0x00000204629476E0>, <snowplow_tracker.self_describing_json.SelfDescribingJson object at 0x00000204629453D0>]}
[0m17:27:41.133507 [debug] [MainThread]: Flushing usage events
[0m17:27:41.925032 [debug] [MainThread]: An error was encountered while trying to flush usage events
[0m14:42:00.450466 [debug] [MainThread]: Sending event: {'category': 'dbt', 'action': 'invocation', 'label': 'start', 'context': [<snowplow_tracker.self_describing_json.SelfDescribingJson object at 0x000002DBDEB0C5C0>, <snowplow_tracker.self_describing_json.SelfDescribingJson object at 0x000002DBE14C0800>, <snowplow_tracker.self_describing_json.SelfDescribingJson object at 0x000002DBE1D1D970>]}


============================== 14:42:00.464322 | dd9dab3b-7d94-4706-8ac0-fb9d58d542b6 ==============================
[0m14:42:00.464322 [info ] [MainThread]: Running with dbt=1.11.11
[0m14:42:00.464322 [debug] [MainThread]: running dbt with arguments {'static_parser': 'True', 'no_print': 'None', 'version_check': 'True', 'target_path': 'None', 'warn_error_options': 'WarnErrorOptionsV2(error=[], warn=[], silence=[])', 'printer_width': '80', 'write_json': 'True', 'empty': 'None', 'log_cache_events': 'False', 'introspect': 'True', 'cache_selected_only': 'False', 'fail_fast': 'False', 'debug': 'False', 'log_format': 'default', 'profiles_dir': 'C:\\Users\\Sander\\.dbt', 'send_anonymous_usage_stats': 'True', 'quiet': 'False', 'warn_error': 'None', 'partial_parse': 'True', 'invocation_command': 'dbt seed', 'use_colors': 'True', 'indirect_selection': 'eager', 'use_experimental_parser': 'False', 'log_path': 'logs'}
[0m14:42:00.464322 [error] [MainThread]: Encountered an error:
Runtime Error
  No dbt_project.yml found at expected path C:\Users\Sander\OneDrive\Documents\Github\Fiction-Fingerprint\dbt_project.yml
  Verify that each entry within packages.yml (and their transitive dependencies) contains a file named dbt_project.yml
  
[0m14:42:00.464322 [debug] [MainThread]: Command `dbt seed` failed at 14:42:00.464322 after 0.10 seconds
[0m14:42:00.464322 [debug] [MainThread]: Sending event: {'category': 'dbt', 'action': 'invocation', 'label': 'end', 'context': [<snowplow_tracker.self_describing_json.SelfDescribingJson object at 0x000002DBE12D2CC0>, <snowplow_tracker.self_describing_json.SelfDescribingJson object at 0x000002DBE3219040>, <snowplow_tracker.self_describing_json.SelfDescribingJson object at 0x000002DBE1D7BCE0>]}
[0m14:42:00.464322 [debug] [MainThread]: Flushing usage events
[0m14:42:00.913328 [debug] [MainThread]: An error was encountered while trying to flush usage events
[0m18:26:34.404477 [debug] [MainThread]: Sending event: {'category': 'dbt', 'action': 'invocation', 'label': 'start', 'context': [<snowplow_tracker.self_describing_json.SelfDescribingJson object at 0x0000023F7AC6DAF0>, <snowplow_tracker.self_describing_json.SelfDescribingJson object at 0x0000023F7AC6F770>, <snowplow_tracker.self_describing_json.SelfDescribingJson object at 0x0000023F7AC6DB80>]}


============================== 18:26:34.408334 | 28ac44f7-be8d-446c-87c9-09b0f183b75e ==============================
[0m18:26:34.408334 [info ] [MainThread]: Running with dbt=1.11.11
[0m18:26:34.408334 [debug] [MainThread]: running dbt with arguments {'version_check': 'True', 'no_print': 'None', 'static_parser': 'True', 'warn_error_options': 'WarnErrorOptionsV2(error=[], warn=[], silence=[])', 'target_path': 'None', 'printer_width': '80', 'write_json': 'True', 'empty': 'None', 'log_cache_events': 'False', 'introspect': 'True', 'cache_selected_only': 'False', 'log_format': 'default', 'debug': 'False', 'fail_fast': 'False', 'partial_parse': 'True', 'send_anonymous_usage_stats': 'True', 'quiet': 'False', 'warn_error': 'None', 'profiles_dir': 'C:\\Users\\Sander\\.dbt', 'use_colors': 'True', 'indirect_selection': 'eager', 'invocation_command': 'dbt docs generate', 'use_experimental_parser': 'False', 'log_path': 'logs'}
[0m18:26:34.409558 [error] [MainThread]: Encountered an error:
Runtime Error
  No dbt_project.yml found at expected path C:\Users\Sander\OneDrive\Documents\Github\Fiction-Fingerprint\dbt_project.yml
  Verify that each entry within packages.yml (and their transitive dependencies) contains a file named dbt_project.yml
  
[0m18:26:34.409558 [debug] [MainThread]: Command `dbt docs generate` failed at 18:26:34.409558 after 0.08 seconds
[0m18:26:34.409558 [debug] [MainThread]: Sending event: {'category': 'dbt', 'action': 'invocation', 'label': 'end', 'context': [<snowplow_tracker.self_describing_json.SelfDescribingJson object at 0x0000023F7B123A10>, <snowplow_tracker.self_describing_json.SelfDescribingJson object at 0x0000023F7C475BE0>, <snowplow_tracker.self_describing_json.SelfDescribingJson object at 0x0000023F7C475910>]}
[0m18:26:34.410557 [debug] [MainThread]: Flushing usage events
[0m18:26:34.875360 [debug] [MainThread]: An error was encountered while trying to flush usage events
